// Jest Snapshot v1, https://goo.gl/fbAQLP

exports[`<CommunityScreen /> should match snapshot 1`] = `
<RCTScrollView
  ListHeaderComponent={
    <ThemedSectionTitleV2
      testID="community_title"
      text="JOIN THE COMMUNITY"
    />
  }
  data={
    [
      {
        "icon": "bell",
        "id": "announcements",
        "title": "Announcements",
        "url": "https://t.me/defichain_announcements",
      },
      {
        "icon": "help-circle",
        "id": "faq",
        "title": "Frequently asked questions",
        "url": "https://defichain.com/learn/#faq",
      },
      {
        "icon": "flag",
        "id": "gh",
        "title": "Report issue on GitHub",
        "url": "https://github.com/DeFiCh/wallet/issues",
      },
      {
        "icon": "message-square",
        "id": "tg_en",
        "title": "Telegram (EN)",
        "url": "https://t.me/defiblockchain",
      },
      {
        "icon": "message-square",
        "id": "tg_de",
        "title": "Telegram (DE)",
        "url": "https://t.me/defiblockchain_DE",
      },
      {
        "icon": "message-square",
        "id": "wechat",
        "title": "WeChat",
        "url": "http://weixin.qq.com/r/0xz07DzEdmEJrXiP90nB",
      },
    ]
  }
  getItem={[Function]}
  getItemCount={[Function]}
  keyExtractor={[Function]}
  onContentSizeChange={[Function]}
  onLayout={[Function]}
  onMomentumScrollBegin={[Function]}
  onMomentumScrollEnd={[Function]}
  onScroll={[Function]}
  onScrollBeginDrag={[Function]}
  onScrollEndDrag={[Function]}
  removeClippedSubviews={false}
  renderItem={[Function]}
  scrollEventThrottle={50}
  stickyHeaderIndices={[]}
  style={
    [
      {},
      {},
    ]
  }
  testID="community_flat_list"
  viewabilityConfigCallbackPairs={[]}
>
  <View>
    <View
      onLayout={[Function]}
    >
      <Text
        style={
          [
            {},
            [
              {},
              {},
            ],
          ]
        }
        testID="community_title"
        text="JOIN THE COMMUNITY"
      >
        JOIN THE COMMUNITY
      </Text>
    </View>
    <View
      onLayout={[Function]}
      style={null}
    >
      <View
        style={
          [
            {},
            {},
          ]
        }
      >
        <View
          style={
            [
              {},
              {},
            ]
          }
          testID="announcements"
        >
          <View
            accessible={true}
            collapsable={false}
            focusable={true}
            onClick={[Function]}
            onResponderGrant={[Function]}
            onResponderMove={[Function]}
            onResponderRelease={[Function]}
            onResponderTerminate={[Function]}
            onResponderTerminationRequest={[Function]}
            onStartShouldSetResponder={[Function]}
            style={
              {
                "opacity": 1,
              }
            }
          >
            <Text
              style={
                [
                  {},
                  [
                    {},
                    {},
                  ],
                ]
              }
            >
              Announcements
            </Text>
            <Text />
          </View>
        </View>
      </View>
    </View>
    <View
      onLayout={[Function]}
      style={null}
    >
      <View
        style={
          [
            {},
            {},
          ]
        }
      >
        <View
          style={
            [
              {},
              {},
            ]
          }
          testID="faq"
        >
          <View
            accessible={true}
            collapsable={false}
            focusable={true}
            onClick={[Function]}
            onResponderGrant={[Function]}
            onResponderMove={[Function]}
            onResponderRelease={[Function]}
            onResponderTerminate={[Function]}
            onResponderTerminationRequest={[Function]}
            onStartShouldSetResponder={[Function]}
            style={
              {
                "opacity": 1,
              }
            }
          >
            <Text
              style={
                [
                  {},
                  [
                    {},
                    {},
                  ],
                ]
              }
            >
              Frequently asked questions
            </Text>
            <Text />
          </View>
        </View>
      </View>
    </View>
    <View
      onLayout={[Function]}
      style={null}
    >
      <View
        style={
          [
            {},
            {},
          ]
        }
      >
        <View
          style={
            [
              {},
              {},
            ]
          }
          testID="gh"
        >
          <View
            accessible={true}
            collapsable={false}
            focusable={true}
            onClick={[Function]}
            onResponderGrant={[Function]}
            onResponderMove={[Function]}
            onResponderRelease={[Function]}
            onResponderTerminate={[Function]}
            onResponderTerminationRequest={[Function]}
            onStartShouldSetResponder={[Function]}
            style={
              {
                "opacity": 1,
              }
            }
          >
            <Text
              style={
                [
                  {},
                  [
                    {},
                    {},
                  ],
                ]
              }
            >
              Report issue on GitHub
            </Text>
            <Text />
          </View>
        </View>
      </View>
    </View>
    <View
      onLayout={[Function]}
      style={null}
    >
      <View
        style={
          [
            {},
            {},
          ]
        }
      >
        <View
          style={
            [
              {},
              {},
            ]
          }
          testID="tg_en"
        >
          <View
            accessible={true}
            collapsable={false}
            focusable={true}
            onClick={[Function]}
            onResponderGrant={[Function]}
            onResponderMove={[Function]}
            onResponderRelease={[Function]}
            onResponderTerminate={[Function]}
            onResponderTerminationRequest={[Function]}
            onStartShouldSetResponder={[Function]}
            style={
              {
                "opacity": 1,
              }
            }
          >
            <Text
              style={
                [
                  {},
                  [
                    {},
                    {},
                  ],
                ]
              }
            >
              Telegram (EN)
            </Text>
            <Text />
          </View>
        </View>
      </View>
    </View>
    <View
      onLayout={[Function]}
      style={null}
    >
      <View
        style={
          [
            {},
            {},
          ]
        }
      >
        <View
          style={
            [
              {},
              {},
            ]
          }
          testID="tg_de"
        >
          <View
            accessible={true}
            collapsable={false}
            focusable={true}
            onClick={[Function]}
            onResponderGrant={[Function]}
            onResponderMove={[Function]}
            onResponderRelease={[Function]}
            onResponderTerminate={[Function]}
            onResponderTerminationRequest={[Function]}
            onStartShouldSetResponder={[Function]}
            style={
              {
                "opacity": 1,
              }
            }
          >
            <Text
              style={
                [
                  {},
                  [
                    {},
                    {},
                  ],
                ]
              }
            >
              Telegram (DE)
            </Text>
            <Text />
          </View>
        </View>
      </View>
    </View>
    <View
      onLayout={[Function]}
      style={null}
    >
      <View
        style={
          [
            {},
            {},
          ]
        }
      >
        <View
          style={
            [
              {},
              {},
            ]
          }
          testID="wechat"
        >
          <View
            accessible={true}
            collapsable={false}
            focusable={true}
            onClick={[Function]}
            onResponderGrant={[Function]}
            onResponderMove={[Function]}
            onResponderRelease={[Function]}
            onResponderTerminate={[Function]}
            onResponderTerminationRequest={[Function]}
            onStartShouldSetResponder={[Function]}
            style={
              {
                "opacity": 1,
              }
            }
          >
            <Text
              style={
                [
                  {},
                  [
                    {},
                    {},
                  ],
                ]
              }
            >
              WeChat
            </Text>
            <Text />
          </View>
        </View>
      </View>
    </View>
  </View>
</RCTScrollView>
`;
