// Jest Snapshot v1, https://goo.gl/fbAQLP

exports[`knowledge base screen should render 1`] = `
<RCTScrollView
  contentContainerStyle={{}}
  style={
    [
      {},
      {},
    ]
  }
  testID="knowledge_base_screen"
>
  <View>
    <Text
      style={
        [
          {},
          [
            {},
            {},
          ],
        ]
      }
      testID="knowledge_base_title"
      text="LEARN MORE"
    >
      LEARN MORE
    </Text>
    <View
      style={
        [
          {},
          {},
        ]
      }
    >
      <View
        accessible={true}
        collapsable={false}
        focusable={true}
        onClick={[Function]}
        onResponderGrant={[Function]}
        onResponderMove={[Function]}
        onResponderRelease={[Function]}
        onResponderTerminate={[Function]}
        onResponderTerminationRequest={[Function]}
        onStartShouldSetResponder={[Function]}
        style={
          {
            "opacity": 1,
          }
        }
        testID="auctions_faq"
      >
        <Text
          style={
            [
              {},
              [
                {},
                {},
              ],
            ]
          }
        >
          Auctions
        </Text>
        <Text />
      </View>
      <View
        accessible={true}
        collapsable={false}
        focusable={true}
        onClick={[Function]}
        onResponderGrant={[Function]}
        onResponderMove={[Function]}
        onResponderRelease={[Function]}
        onResponderTerminate={[Function]}
        onResponderTerminationRequest={[Function]}
        onStartShouldSetResponder={[Function]}
        style={
          {
            "opacity": 1,
          }
        }
        testID="dex_faq"
      >
        <Text
          style={
            [
              {},
              [
                {},
                {},
              ],
            ]
          }
        >
          DEX
        </Text>
        <Text />
      </View>
      <View
        accessible={true}
        collapsable={false}
        focusable={true}
        onClick={[Function]}
        onResponderGrant={[Function]}
        onResponderMove={[Function]}
        onResponderRelease={[Function]}
        onResponderTerminate={[Function]}
        onResponderTerminationRequest={[Function]}
        onStartShouldSetResponder={[Function]}
        style={
          {
            "opacity": 1,
          }
        }
        testID="liquidity_mining_faq"
      >
        <Text
          style={
            [
              {},
              [
                {},
                {},
              ],
            ]
          }
        >
          Liquidity mining
        </Text>
        <Text />
      </View>
      <View
        accessible={true}
        collapsable={false}
        focusable={true}
        onClick={[Function]}
        onResponderGrant={[Function]}
        onResponderMove={[Function]}
        onResponderRelease={[Function]}
        onResponderTerminate={[Function]}
        onResponderTerminationRequest={[Function]}
        onStartShouldSetResponder={[Function]}
        style={
          {
            "opacity": 1,
          }
        }
        testID="loans_faq"
      >
        <Text
          style={
            [
              {},
              [
                {},
                {},
              ],
            ]
          }
        >
          Loans
        </Text>
        <Text />
      </View>
      <View
        accessible={true}
        collapsable={false}
        focusable={true}
        onClick={[Function]}
        onResponderGrant={[Function]}
        onResponderMove={[Function]}
        onResponderRelease={[Function]}
        onResponderTerminate={[Function]}
        onResponderTerminationRequest={[Function]}
        onStartShouldSetResponder={[Function]}
        style={
          {
            "opacity": 1,
          }
        }
        testID="passcode_faq"
      >
        <Text
          style={
            [
              {},
              [
                {},
                {},
              ],
            ]
          }
        >
          Passcode
        </Text>
        <Text />
      </View>
      <View
        accessible={true}
        collapsable={false}
        focusable={true}
        onClick={[Function]}
        onResponderGrant={[Function]}
        onResponderMove={[Function]}
        onResponderRelease={[Function]}
        onResponderTerminate={[Function]}
        onResponderTerminationRequest={[Function]}
        onStartShouldSetResponder={[Function]}
        style={
          {
            "opacity": 1,
          }
        }
        testID="recovery_words_faq"
      >
        <Text
          style={
            [
              {},
              [
                {},
                {},
              ],
            ]
          }
        >
          Recovery words
        </Text>
        <Text />
      </View>
      <View
        accessible={true}
        collapsable={false}
        focusable={true}
        onClick={[Function]}
        onResponderGrant={[Function]}
        onResponderMove={[Function]}
        onResponderRelease={[Function]}
        onResponderTerminate={[Function]}
        onResponderTerminationRequest={[Function]}
        onStartShouldSetResponder={[Function]}
        style={
          {
            "opacity": 1,
          }
        }
        testID="utxo_and_token_faq"
      >
        <Text
          style={
            [
              {},
              [
                {},
                {},
              ],
            ]
          }
        >
          UTXO and Tokens
        </Text>
        <Text />
      </View>
    </View>
  </View>
</RCTScrollView>
`;
