// Jest Snapshot v1, https://goo.gl/fbAQLP

exports[`Bottom sheet header should match snapshot 1`] = `
<View
  style={
    [
      [
        {},
        undefined,
      ],
      {},
    ]
  }
>
  <View
    accessible={true}
    collapsable={false}
    focusable={true}
    onClick={[Function]}
    onResponderGrant={[Function]}
    onResponderMove={[Function]}
    onResponderRelease={[Function]}
    onResponderTerminate={[Function]}
    onResponderTerminationRequest={[Function]}
    onStartShouldSetResponder={[Function]}
    style={
      {
        "opacity": 1,
      }
    }
  >
    <Text />
  </View>
  <Text
    style={
      [
        {},
        [
          {},
          {},
        ],
      ]
    }
  >
    Test
  </Text>
</View>
`;
