// Jest Snapshot v1, https://goo.gl/fbAQLP

exports[`Conversion tag should match snapshot 1`] = `
<View
  style={
    [
      {},
      {},
    ]
  }
  testID="conversion_tag"
>
  <Text />
  <Text
    style={
      [
        {},
        [
          {},
          {},
        ],
      ]
    }
  >
    Conversion required
  </Text>
</View>
`;
