// Jest Snapshot v1, https://goo.gl/fbAQLP

exports[`Header search input should match snapshot 1`] = `
<View
  style={
    Array [
      Array [
        Object {
          "alignItems": "center",
          "display": "flex",
          "flexDirection": "row",
          "paddingBottom": 8,
          "paddingLeft": 16,
          "paddingRight": 16,
        },
        Object {
          "paddingTop": 96,
        },
      ],
      Object {
        "backgroundColor": "rgba(255, 255, 255, 1)",
        "borderBottomColor": "rgba(229, 229, 229, 1)",
        "borderLeftColor": "rgba(229, 229, 229, 1)",
        "borderRightColor": "rgba(229, 229, 229, 1)",
        "borderTopColor": "rgba(229, 229, 229, 1)",
      },
    ]
  }
>
  <View
    style={
      Array [
        Object {
          "alignItems": "center",
          "borderBottomLeftRadius": 8,
          "borderBottomRightRadius": 8,
          "borderTopLeftRadius": 8,
          "borderTopRightRadius": 8,
          "display": "flex",
          "flexBasis": "0%",
          "flexDirection": "row",
          "flexGrow": 1,
          "flexShrink": 1,
          "paddingBottom": 4,
          "paddingLeft": 8,
          "paddingTop": 4,
        },
        Object {
          "backgroundColor": "rgba(245, 245, 245, 1)",
        },
      ]
    }
  >
    <Text />
    <TextInput
      allowFontScaling={true}
      autoFocus={true}
      onChangeText={[MockFunction]}
      placeholder="Search"
      placeholderTextColor="rgba(0, 0, 0, 0.4)"
      rejectResponderTermination={true}
      showClearButton={false}
      style={
        Array [
          Object {
            "flexGrow": 1,
            "height": 32,
            "width": "66.666667%",
          },
          Object {
            "color": "rgba(64, 64, 64, 1)",
          },
        ]
      }
      underlineColorAndroid="transparent"
      value=""
    />
  </View>
  <View
    style={
      Object {
        "display": "flex",
        "justifyContent": "center",
        "marginLeft": 8,
      }
    }
  >
    <View
      accessible={true}
      focusable={true}
      onClick={[Function]}
      onResponderGrant={[Function]}
      onResponderMove={[Function]}
      onResponderRelease={[Function]}
      onResponderTerminate={[Function]}
      onResponderTerminationRequest={[Function]}
      onStartShouldSetResponder={[Function]}
      style={
        Object {
          "opacity": 1,
        }
      }
      testID="search_dex_bar_close"
    >
      <Text />
    </View>
  </View>
</View>
`;
