// Jest Snapshot v1, https://goo.gl/fbAQLP

exports[`Liquidity Mining FAQ screen should match snapshot 1`] = `
<RCTScrollView
  contentContainerStyle={{}}
  style={
    [
      {},
      {},
    ]
  }
  testID="liquidity_mining_faq"
>
  <View>
    <Text
      style={
        [
          {},
          [
            {},
            {},
          ],
        ]
      }
    >
      Liquidity mining is a DeFi mechanism in which participants supply cryptocurrencies into liquidity pools, and in turn, be rewarded with fees and token based on their share of the total pool liquidity.
    </Text>
    <RCTScrollView
      style={
        [
          undefined,
          {},
        ]
      }
      testID="recovery_words_faq_accordion"
    >
      <View>
        <Text
          style={
            [
              {},
              [
                {},
                {},
              ],
            ]
          }
          text="FREQUENTLY ASKED QUESTIONS"
        >
          FREQUENTLY ASKED QUESTIONS
        </Text>
        <View
          style={
            [
              {},
              {},
            ]
          }
        >
          <View
            style={{}}
          >
            <View
              accessibilityState={
                {
                  "expanded": true,
                }
              }
              accessible={true}
              focusable={true}
              onClick={[Function]}
              onResponderGrant={[Function]}
              onResponderMove={[Function]}
              onResponderRelease={[Function]}
              onResponderTerminate={[Function]}
              onResponderTerminationRequest={[Function]}
              onStartShouldSetResponder={[Function]}
            >
              <View
                style={
                  [
                    [
                      {},
                      false,
                      {},
                    ],
                    {},
                  ]
                }
              >
                <Text
                  style={
                    [
                      {},
                      [
                        {},
                        {},
                      ],
                    ]
                  }
                >
                  How do I supply liquidity?
                </Text>
                <Text />
              </View>
            </View>
            <View
              collapsable={false}
              pointerEvents="auto"
              style={{}}
            >
              <View
                collapsable={false}
                forwardedRef={[Function]}
                onLayout={[Function]}
                style={{}}
              >
                <View
                  style={
                    [
                      [
                        {},
                        {},
                      ],
                      {},
                    ]
                  }
                >
                  <View
                    style={{}}
                  >
                    <Text
                      style={
                        [
                          {},
                          [
                            {},
                            {},
                          ],
                        ]
                      }
                    >
                      After deciding which pool pair you would like to supply liquidity to, click ADD LIQUIDITY and enter the input amount for either of the tokens in the pair.

Once an amount is entered on one side of the pair, the app automatically balances the amount of the other side, based on the ratio of current liquidity in the pool.
                    </Text>
                  </View>
                </View>
              </View>
            </View>
          </View>
          <View
            style={{}}
          >
            <View
              accessibilityState={
                {
                  "expanded": false,
                }
              }
              accessible={true}
              focusable={true}
              onClick={[Function]}
              onResponderGrant={[Function]}
              onResponderMove={[Function]}
              onResponderRelease={[Function]}
              onResponderTerminate={[Function]}
              onResponderTerminationRequest={[Function]}
              onStartShouldSetResponder={[Function]}
            >
              <View
                style={
                  [
                    [
                      {},
                      {},
                      false,
                    ],
                    {},
                  ]
                }
              >
                <Text
                  style={
                    [
                      {},
                      [
                        {},
                        {},
                      ],
                    ]
                  }
                >
                  How do I send tokens from my DFI wallet?
                </Text>
                <Text />
              </View>
            </View>
            <View
              collapsable={false}
              pointerEvents="none"
              style={
                {
                  "height": 0,
                  "overflow": "hidden",
                }
              }
            >
              <View
                collapsable={false}
                forwardedRef={[Function]}
                onLayout={[Function]}
                style={{}}
              >
                <View
                  style={
                    [
                      [
                        {},
                        false,
                      ],
                      {},
                    ]
                  }
                >
                  <View
                    style={{}}
                  >
                    <Text
                      style={
                        [
                          {},
                          [
                            {},
                            {},
                          ],
                        ]
                      }
                    >
                      Tokens on DeFiChain can only be sent to DFI addresses only. This means that you should not send directly to an exchange or a third party platform that does not support DeFiChain.

Similarly, liquidity tokens can only be sent to another DFI wallet address.
                    </Text>
                  </View>
                </View>
              </View>
            </View>
          </View>
          <View
            style={{}}
          >
            <View
              accessibilityState={
                {
                  "expanded": false,
                }
              }
              accessible={true}
              focusable={true}
              onClick={[Function]}
              onResponderGrant={[Function]}
              onResponderMove={[Function]}
              onResponderRelease={[Function]}
              onResponderTerminate={[Function]}
              onResponderTerminationRequest={[Function]}
              onStartShouldSetResponder={[Function]}
            >
              <View
                style={
                  [
                    [
                      {},
                      {},
                      false,
                    ],
                    {},
                  ]
                }
              >
                <Text
                  style={
                    [
                      {},
                      [
                        {},
                        {},
                      ],
                    ]
                  }
                >
                  What are some exchanges and platforms I can send to?
                </Text>
                <Text />
              </View>
            </View>
            <View
              collapsable={false}
              pointerEvents="none"
              style={
                {
                  "height": 0,
                  "overflow": "hidden",
                }
              }
            >
              <View
                collapsable={false}
                forwardedRef={[Function]}
                onLayout={[Function]}
                style={{}}
              >
                <View
                  style={
                    [
                      [
                        {},
                        false,
                      ],
                      {},
                    ]
                  }
                >
                  <View
                    style={{}}
                  >
                    <Text
                      style={
                        [
                          {},
                          [
                            {},
                            {},
                          ],
                        ]
                      }
                    >
                      1. Kucoin
2. Bittrex
3. Transak
4. Cake DeFi

View more at DeFiChain.com
                    </Text>
                  </View>
                </View>
              </View>
            </View>
          </View>
          <View
            style={{}}
          >
            <View
              accessibilityState={
                {
                  "expanded": false,
                }
              }
              accessible={true}
              focusable={true}
              onClick={[Function]}
              onResponderGrant={[Function]}
              onResponderMove={[Function]}
              onResponderRelease={[Function]}
              onResponderTerminate={[Function]}
              onResponderTerminationRequest={[Function]}
              onStartShouldSetResponder={[Function]}
            >
              <View
                style={
                  [
                    [
                      {},
                      {},
                      false,
                    ],
                    {},
                  ]
                }
              >
                <Text
                  style={
                    [
                      {},
                      [
                        {},
                        {},
                      ],
                    ]
                  }
                >
                  Can I send liquidity pool tokens to an exchange or another entity?
                </Text>
                <Text />
              </View>
            </View>
            <View
              collapsable={false}
              pointerEvents="none"
              style={
                {
                  "height": 0,
                  "overflow": "hidden",
                }
              }
            >
              <View
                collapsable={false}
                forwardedRef={[Function]}
                onLayout={[Function]}
                style={{}}
              >
                <View
                  style={
                    [
                      [
                        {},
                        false,
                      ],
                      {},
                    ]
                  }
                >
                  <View
                    style={{}}
                  >
                    <Text
                      style={
                        [
                          {},
                          [
                            {},
                            {},
                          ],
                        ]
                      }
                    >
                      Liquidity tokens can only be sent to another DFI wallet address, and not to an exchange of central entity.
                    </Text>
                  </View>
                </View>
              </View>
            </View>
          </View>
          <View
            style={{}}
          >
            <View
              accessibilityState={
                {
                  "expanded": false,
                }
              }
              accessible={true}
              focusable={true}
              onClick={[Function]}
              onResponderGrant={[Function]}
              onResponderMove={[Function]}
              onResponderRelease={[Function]}
              onResponderTerminate={[Function]}
              onResponderTerminationRequest={[Function]}
              onStartShouldSetResponder={[Function]}
            >
              <View
                style={
                  [
                    [
                      {},
                      false,
                      false,
                    ],
                    {},
                  ]
                }
              >
                <Text
                  style={
                    [
                      {},
                      [
                        {},
                        {},
                      ],
                    ]
                  }
                >
                  How do I receive tokens on my DFI wallet?
                </Text>
                <Text />
              </View>
            </View>
            <View
              collapsable={false}
              pointerEvents="none"
              style={
                {
                  "height": 0,
                  "overflow": "hidden",
                }
              }
            >
              <View
                collapsable={false}
                forwardedRef={[Function]}
                onLayout={[Function]}
                style={{}}
              >
                <View
                  style={
                    [
                      [
                        {},
                        false,
                      ],
                      {},
                    ]
                  }
                >
                  <View
                    style={{}}
                  >
                    <Text
                      style={
                        [
                          {},
                          [
                            {},
                            {},
                          ],
                        ]
                      }
                    >
                      You can receive DFI tokens into your wallet by sharing your address found in the Receive page, or by getting the sender to scan the QR code.

Note that you will not be able to receive native tokens (e.g. BTC, ETH) directly into your wallet.
                    </Text>
                  </View>
                </View>
              </View>
            </View>
          </View>
        </View>
      </View>
    </RCTScrollView>
  </View>
</RCTScrollView>
`;
