// Jest Snapshot v1, https://goo.gl/fbAQLP

exports[`Passcode FAQ screen should match snapshot 1`] = `
<RCTScrollView
  contentContainerStyle={
    {
      "paddingBottom": 64,
      "paddingLeft": 20,
      "paddingRight": 20,
      "paddingTop": 32,
    }
  }
  style={
    [
      {
        "flexBasis": "0%",
        "flexGrow": 1,
        "flexShrink": 1,
      },
      {
        "backgroundColor": "rgba(242, 242, 242, 1)",
      },
    ]
  }
  testID="passcode_faq"
>
  <View>
    <Text
      style={
        [
          {
            "fontFamily": "RegularFont",
            "fontSize": 16,
            "fontWeight": "400",
            "lineHeight": 24,
          },
          [
            {
              "fontFamily": "SoraRegular",
              "fontSize": 16,
              "fontWeight": "400",
              "lineHeight": 24,
              "paddingLeft": 20,
              "paddingRight": 20,
            },
            {
              "color": "rgba(18, 18, 18, 1)",
            },
          ],
        ]
      }
    >
      Your six-digit numeric passcode, set by you, would be used to authorize all transactions. Keep your passcode private and secure. You are responsible for your own security.
    </Text>
    <RCTScrollView
      style={
        [
          undefined,
          {
            "backgroundColor": "rgba(242, 242, 242, 1)",
          },
        ]
      }
      testID="passcode_faq_accordion"
    >
      <View>
        <Text
          style={
            [
              {
                "fontFamily": "RegularFont",
                "fontSize": 16,
                "fontWeight": "400",
                "lineHeight": 24,
              },
              [
                {
                  "fontFamily": "SoraRegular",
                  "fontSize": 12,
                  "fontWeight": "400",
                  "lineHeight": 16,
                  "marginTop": 32,
                  "paddingLeft": 20,
                  "paddingRight": 20,
                },
                {
                  "color": "rgba(115, 115, 115, 1)",
                },
              ],
            ]
          }
          text="FREQUENTLY ASKED QUESTIONS"
        >
          FREQUENTLY ASKED QUESTIONS
        </Text>
        <View
          style={
            [
              {
                "borderBottomLeftRadius": 8,
                "borderBottomRightRadius": 8,
                "borderTopLeftRadius": 8,
                "borderTopRightRadius": 8,
                "marginTop": 8,
                "overflow": "hidden",
              },
              {
                "backgroundColor": "rgba(255, 255, 255, 1)",
              },
            ]
          }
        >
          <View
            style={{}}
          >
            <View
              accessibilityState={
                {
                  "expanded": true,
                }
              }
              accessible={true}
              focusable={true}
              onClick={[Function]}
              onResponderGrant={[Function]}
              onResponderMove={[Function]}
              onResponderRelease={[Function]}
              onResponderTerminate={[Function]}
              onResponderTerminationRequest={[Function]}
              onStartShouldSetResponder={[Function]}
            >
              <View
                style={
                  [
                    [
                      {
                        "alignItems": "flex-start",
                        "flexDirection": "row",
                        "justifyContent": "space-between",
                        "marginLeft": 20,
                        "marginRight": 20,
                        "paddingBottom": 16,
                        "paddingTop": 16,
                      },
                      false,
                      {
                        "paddingBottom": 4,
                      },
                    ],
                    {
                      "borderBottomColor": "rgba(204, 204, 204, 1)",
                      "borderLeftColor": "rgba(204, 204, 204, 1)",
                      "borderRightColor": "rgba(204, 204, 204, 1)",
                      "borderTopColor": "rgba(204, 204, 204, 1)",
                    },
                  ]
                }
              >
                <Text
                  style={
                    [
                      {
                        "fontFamily": "RegularFont",
                        "fontSize": 16,
                        "fontWeight": "400",
                        "lineHeight": 24,
                      },
                      [
                        {
                          "flexBasis": "0%",
                          "flexGrow": 1,
                          "flexShrink": 1,
                          "fontFamily": "SoraSemiBold",
                          "fontSize": 14,
                          "fontWeight": "600",
                          "lineHeight": 20,
                        },
                        {
                          "color": "rgba(18, 18, 18, 1)",
                        },
                      ],
                    ]
                  }
                >
                  What happens if I forgot my passcode? Can someone help me retrieve my passcode?
                </Text>
                <Text />
              </View>
            </View>
            <View
              collapsable={false}
              pointerEvents="auto"
              style={{}}
            >
              <View
                collapsable={false}
                forwardedRef={[Function]}
                onLayout={[Function]}
                style={{}}
              >
                <View
                  style={
                    [
                      [
                        {
                          "marginLeft": 20,
                          "marginRight": 20,
                          "paddingBottom": 16,
                          "paddingTop": 16,
                        },
                        {
                          "borderBottomWidth": 1,
                        },
                      ],
                      {
                        "borderBottomColor": "rgba(204, 204, 204, 1)",
                        "borderLeftColor": "rgba(204, 204, 204, 1)",
                        "borderRightColor": "rgba(204, 204, 204, 1)",
                        "borderTopColor": "rgba(204, 204, 204, 1)",
                      },
                    ]
                  }
                >
                  <View
                    style={
                      {
                        "flexDirection": "row",
                        "justifyContent": "flex-start",
                      }
                    }
                  >
                    <Text
                      style={
                        [
                          {
                            "fontFamily": "RegularFont",
                            "fontSize": 16,
                            "fontWeight": "400",
                            "lineHeight": 24,
                          },
                          [
                            {
                              "flexBasis": "0%",
                              "flexGrow": 1,
                              "flexShrink": 1,
                              "fontFamily": "SoraRegular",
                              "fontSize": 14,
                              "fontWeight": "400",
                              "lineHeight": 20,
                            },
                            {
                              "color": "rgba(18, 18, 18, 1)",
                            },
                          ],
                        ]
                      }
                    >
                      Your passcode is your responsibility. No one, aside from you, knows it. It is important that you keep your passcode safe and change it from time to time.
                    </Text>
                  </View>
                </View>
              </View>
            </View>
          </View>
          <View
            style={{}}
          >
            <View
              accessibilityState={
                {
                  "expanded": false,
                }
              }
              accessible={true}
              focusable={true}
              onClick={[Function]}
              onResponderGrant={[Function]}
              onResponderMove={[Function]}
              onResponderRelease={[Function]}
              onResponderTerminate={[Function]}
              onResponderTerminationRequest={[Function]}
              onStartShouldSetResponder={[Function]}
            >
              <View
                style={
                  [
                    [
                      {
                        "alignItems": "flex-start",
                        "flexDirection": "row",
                        "justifyContent": "space-between",
                        "marginLeft": 20,
                        "marginRight": 20,
                        "paddingBottom": 16,
                        "paddingTop": 16,
                      },
                      {
                        "borderBottomWidth": 1,
                      },
                      false,
                    ],
                    {
                      "borderBottomColor": "rgba(204, 204, 204, 1)",
                      "borderLeftColor": "rgba(204, 204, 204, 1)",
                      "borderRightColor": "rgba(204, 204, 204, 1)",
                      "borderTopColor": "rgba(204, 204, 204, 1)",
                    },
                  ]
                }
              >
                <Text
                  style={
                    [
                      {
                        "fontFamily": "RegularFont",
                        "fontSize": 16,
                        "fontWeight": "400",
                        "lineHeight": 24,
                      },
                      [
                        {
                          "flexBasis": "0%",
                          "flexGrow": 1,
                          "flexShrink": 1,
                          "fontFamily": "SoraRegular",
                          "fontSize": 14,
                          "fontWeight": "400",
                          "lineHeight": 20,
                        },
                        {
                          "color": "rgba(89, 89, 89, 1)",
                        },
                      ],
                    ]
                  }
                >
                  Can I change my passcode?
                </Text>
                <Text />
              </View>
            </View>
            <View
              collapsable={false}
              pointerEvents="none"
              style={
                {
                  "height": 0,
                  "overflow": "hidden",
                }
              }
            >
              <View
                collapsable={false}
                forwardedRef={[Function]}
                onLayout={[Function]}
                style={{}}
              >
                <View
                  style={
                    [
                      [
                        {
                          "marginLeft": 20,
                          "marginRight": 20,
                          "paddingBottom": 16,
                          "paddingTop": 16,
                        },
                        false,
                      ],
                      {
                        "borderBottomColor": "rgba(204, 204, 204, 1)",
                        "borderLeftColor": "rgba(204, 204, 204, 1)",
                        "borderRightColor": "rgba(204, 204, 204, 1)",
                        "borderTopColor": "rgba(204, 204, 204, 1)",
                      },
                    ]
                  }
                >
                  <View
                    style={
                      {
                        "flexDirection": "row",
                        "justifyContent": "flex-start",
                      }
                    }
                  >
                    <Text
                      style={
                        [
                          {
                            "fontFamily": "RegularFont",
                            "fontSize": 16,
                            "fontWeight": "400",
                            "lineHeight": 24,
                          },
                          [
                            {
                              "flexBasis": "0%",
                              "flexGrow": 1,
                              "flexShrink": 1,
                              "fontFamily": "SoraRegular",
                              "fontSize": 14,
                              "fontWeight": "400",
                              "lineHeight": 20,
                            },
                            {
                              "color": "rgba(18, 18, 18, 1)",
                            },
                          ],
                        ]
                      }
                    >
                      Yes! You can change your passcode from your setting in-app. We recommend changing your passcode regularly for maximum security.
                    </Text>
                  </View>
                </View>
              </View>
            </View>
          </View>
          <View
            style={{}}
          >
            <View
              accessibilityState={
                {
                  "expanded": false,
                }
              }
              accessible={true}
              focusable={true}
              onClick={[Function]}
              onResponderGrant={[Function]}
              onResponderMove={[Function]}
              onResponderRelease={[Function]}
              onResponderTerminate={[Function]}
              onResponderTerminationRequest={[Function]}
              onStartShouldSetResponder={[Function]}
            >
              <View
                style={
                  [
                    [
                      {
                        "alignItems": "flex-start",
                        "flexDirection": "row",
                        "justifyContent": "space-between",
                        "marginLeft": 20,
                        "marginRight": 20,
                        "paddingBottom": 16,
                        "paddingTop": 16,
                      },
                      false,
                      false,
                    ],
                    {
                      "borderBottomColor": "rgba(204, 204, 204, 1)",
                      "borderLeftColor": "rgba(204, 204, 204, 1)",
                      "borderRightColor": "rgba(204, 204, 204, 1)",
                      "borderTopColor": "rgba(204, 204, 204, 1)",
                    },
                  ]
                }
              >
                <Text
                  style={
                    [
                      {
                        "fontFamily": "RegularFont",
                        "fontSize": 16,
                        "fontWeight": "400",
                        "lineHeight": 24,
                      },
                      [
                        {
                          "flexBasis": "0%",
                          "flexGrow": 1,
                          "flexShrink": 1,
                          "fontFamily": "SoraRegular",
                          "fontSize": 14,
                          "fontWeight": "400",
                          "lineHeight": 20,
                        },
                        {
                          "color": "rgba(89, 89, 89, 1)",
                        },
                      ],
                    ]
                  }
                >
                  Is passcode the same as phone PIN code?
                </Text>
                <Text />
              </View>
            </View>
            <View
              collapsable={false}
              pointerEvents="none"
              style={
                {
                  "height": 0,
                  "overflow": "hidden",
                }
              }
            >
              <View
                collapsable={false}
                forwardedRef={[Function]}
                onLayout={[Function]}
                style={{}}
              >
                <View
                  style={
                    [
                      [
                        {
                          "marginLeft": 20,
                          "marginRight": 20,
                          "paddingBottom": 16,
                          "paddingTop": 16,
                        },
                        false,
                      ],
                      {
                        "borderBottomColor": "rgba(204, 204, 204, 1)",
                        "borderLeftColor": "rgba(204, 204, 204, 1)",
                        "borderRightColor": "rgba(204, 204, 204, 1)",
                        "borderTopColor": "rgba(204, 204, 204, 1)",
                      },
                    ]
                  }
                >
                  <View
                    style={
                      {
                        "flexDirection": "row",
                        "justifyContent": "flex-start",
                      }
                    }
                  >
                    <Text
                      style={
                        [
                          {
                            "fontFamily": "RegularFont",
                            "fontSize": 16,
                            "fontWeight": "400",
                            "lineHeight": 24,
                          },
                          [
                            {
                              "flexBasis": "0%",
                              "flexGrow": 1,
                              "flexShrink": 1,
                              "fontFamily": "SoraRegular",
                              "fontSize": 14,
                              "fontWeight": "400",
                              "lineHeight": 20,
                            },
                            {
                              "color": "rgba(18, 18, 18, 1)",
                            },
                          ],
                        ]
                      }
                    >
                      Your passcode is valid only for DeFiChain Light Wallet.
                    </Text>
                  </View>
                </View>
              </View>
            </View>
          </View>
        </View>
      </View>
    </RCTScrollView>
  </View>
</RCTScrollView>
`;
