// Jest Snapshot v1, https://goo.gl/fbAQLP

exports[`portfolio page should match snapshot 1`] = `
<View
  style={
    {
      "flexBasis": "0%",
      "flexGrow": 1,
      "flexShrink": 1,
    }
  }
>
  <RCTScrollView
    contentContainerStyle={
      {
        "paddingBottom": 48,
      }
    }
    refreshControl={
      <RefreshControlMock
        onRefresh={[Function]}
        refreshing={false}
      />
    }
    style={
      [
        undefined,
        {
          "backgroundColor": "rgba(242, 242, 242, 1)",
        },
      ]
    }
    testID="portfolio_list"
  >
    <RCTRefreshControl />
    <View>
      <View
        style={
          [
            {
              "alignItems": "center",
              "display": "flex",
              "flexDirection": "row",
              "paddingLeft": 20,
              "paddingRight": 20,
            },
            {
              "backgroundColor": "rgba(255, 255, 255, 1)",
            },
          ]
        }
      >
        <View
          accessible={true}
          collapsable={false}
          focusable={true}
          onClick={[Function]}
          onMouseEnter={[Function]}
          onMouseLeave={[Function]}
          onResponderGrant={[Function]}
          onResponderMove={[Function]}
          onResponderRelease={[Function]}
          onResponderTerminate={[Function]}
          onResponderTerminationRequest={[Function]}
          onStartShouldSetResponder={[Function]}
          style={
            {
              "alignItems": "center",
              "backgroundColor": "transparent",
              "display": "flex",
              "flexDirection": "row",
              "opacity": 1,
              "overflow": "hidden",
            }
          }
          testID="switch_account_button"
        >
          <View
            style={
              [
                {
                  "borderBottomLeftRadius": 9999,
                  "borderBottomRightRadius": 9999,
                  "borderTopLeftRadius": 9999,
                  "borderTopRightRadius": 9999,
                  "paddingBottom": 2,
                  "paddingLeft": 2,
                  "paddingRight": 2,
                  "paddingTop": 2,
                },
                {
                  "backgroundColor": "rgba(18, 18, 18, 1)",
                },
              ]
            }
          >
            <RNSVGSvgView
              align="xMidYMid"
              bbHeight={24}
              bbWidth={24}
              fill="none"
              focusable={false}
              height={24}
              meetOrSlice={0}
              minX={0}
              minY={0}
              style={
                [
                  {
                    "backgroundColor": "transparent",
                    "borderWidth": 0,
                  },
                  {
                    "flex": 0,
                    "height": 24,
                    "width": 24,
                  },
                ]
              }
              vbHeight={80}
              vbWidth={80}
              width={24}
              xmlns="http://www.w3.org/2000/svg"
            >
              <RNSVGGroup
                fill={null}
                propList={
                  [
                    "fill",
                  ]
                }
              >
                <RNSVGMask
                  height={80}
                  maskContentUnits={1}
                  maskTransform={
                    [
                      1,
                      0,
                      0,
                      1,
                      0,
                      0,
                    ]
                  }
                  maskUnits={1}
                  name="mask__bauhaus"
                  width={80}
                  x={0}
                  y={0}
                >
                  <RNSVGRect
                    fill={4294967295}
                    height={80}
                    propList={
                      [
                        "fill",
                      ]
                    }
                    rx={160}
                    width={80}
                    x={0}
                    y={0}
                  />
                </RNSVGMask>
                <RNSVGGroup
                  mask="mask__bauhaus"
                >
                  <RNSVGRect
                    fill={4284158207}
                    height={80}
                    propList={
                      [
                        "fill",
                      ]
                    }
                    width={80}
                    x={0}
                    y={0}
                  />
                  <RNSVGRect
                    fill={4294945863}
                    height={80}
                    matrix={
                      [
                        -0.46947156278589075,
                        -0.882947592858927,
                        0.882947592858927,
                        -0.46947156278589075,
                        23.46095879707855,
                        94.0967662257927,
                      ]
                    }
                    propList={
                      [
                        "fill",
                      ]
                    }
                    width={80}
                    x={10}
                    y={30}
                  />
                  <RNSVGCircle
                    cx={40}
                    cy={40}
                    fill={4278234397}
                    matrix={
                      [
                        1,
                        0,
                        0,
                        1,
                        0,
                        0,
                      ]
                    }
                    propList={
                      [
                        "fill",
                      ]
                    }
                    r={16}
                  />
                  <RNSVGLine
                    matrix={
                      [
                        -0.5591929034707467,
                        0.8290375725550417,
                        -0.8290375725550417,
                        -0.5591929034707467,
                        91.52921904103154,
                        33.2062132366282,
                      ]
                    }
                    propList={
                      [
                        "stroke",
                        "strokeWidth",
                      ]
                    }
                    stroke={4279316113}
                    strokeWidth={2}
                    x1={0}
                    x2={80}
                    y1={40}
                    y2={40}
                  />
                </RNSVGGroup>
              </RNSVGGroup>
            </RNSVGSvgView>
          </View>
          <Text
            ellipsizeMode="middle"
            numberOfLines={1}
            style={
              [
                {
                  "fontFamily": "RegularFont",
                  "fontSize": 16,
                  "fontWeight": "400",
                  "lineHeight": 24,
                },
                [
                  [
                    {
                      "fontFamily": "SoraSemiBold",
                      "fontSize": 14,
                      "fontWeight": "600",
                      "lineHeight": 20,
                      "marginLeft": 8,
                    },
                    {
                      "maxWidth": 124,
                      "minWidth": 10,
                    },
                  ],
                  {
                    "color": "rgba(18, 18, 18, 1)",
                  },
                ],
              ]
            }
            testID="wallet_address"
          >
            bcrt1q6np0fh47ykhznjhrtfvduh73cgjg32yac8t07d
          </Text>
        </View>
        <View
          accessible={true}
          collapsable={false}
          focusable={false}
          onClick={[Function]}
          onMouseEnter={[Function]}
          onMouseLeave={[Function]}
          onResponderGrant={[Function]}
          onResponderMove={[Function]}
          onResponderRelease={[Function]}
          onResponderTerminate={[Function]}
          onResponderTerminationRequest={[Function]}
          onStartShouldSetResponder={[Function]}
          style={
            {
              "backgroundColor": "transparent",
              "marginLeft": 8,
              "opacity": 1,
            }
          }
          testID="toggle_balance"
        >
          <Text />
        </View>
      </View>
      <View
        style={
          [
            {
              "borderBottomLeftRadius": 15,
              "borderBottomRightRadius": 15,
              "paddingBottom": 20,
              "paddingLeft": 20,
              "paddingRight": 20,
              "paddingTop": 20,
            },
            {
              "backgroundColor": "rgba(255, 255, 255, 1)",
            },
          ]
        }
        testID="total_portfolio_card"
      >
        <View
          style={
            {
              "alignItems": "center",
              "display": "flex",
              "flexDirection": "row",
              "justifyContent": "space-between",
            }
          }
        >
          <View
            accessible={true}
            collapsable={false}
            focusable={true}
            onClick={[Function]}
            onMouseEnter={[Function]}
            onMouseLeave={[Function]}
            onResponderGrant={[Function]}
            onResponderMove={[Function]}
            onResponderRelease={[Function]}
            onResponderTerminate={[Function]}
            onResponderTerminationRequest={[Function]}
            onStartShouldSetResponder={[Function]}
            style={
              {
                "alignItems": "center",
                "display": "flex",
                "flexDirection": "row",
                "opacity": 1,
                "width": "83.333333%",
              }
            }
            testID="portfolio_currency_switcher"
          >
            <Text
              style={
                [
                  {
                    "fontFamily": "RegularFont",
                    "fontSize": 16,
                    "fontWeight": "400",
                    "lineHeight": 24,
                  },
                  [
                    {
                      "alignItems": "center",
                      "display": "flex",
                      "flexDirection": "row",
                    },
                    {
                      "color": "rgba(18, 18, 18, 1)",
                    },
                  ],
                ]
              }
            >
              <Text
                style={
                  [
                    {
                      "fontFamily": "RegularFont",
                      "fontSize": 16,
                      "fontWeight": "400",
                      "lineHeight": 24,
                    },
                    [
                      [
                        {
                          "alignItems": "center",
                          "display": "flex",
                          "flexDirection": "row",
                          "fontFamily": "SoraSemiBold",
                          "fontWeight": "600",
                          "marginRight": 8,
                        },
                        {
                          "fontSize": 28,
                          "lineHeight": 36,
                        },
                      ],
                      {
                        "color": "rgba(18, 18, 18, 1)",
                      },
                    ],
                  ]
                }
                testID="total_usd_amount"
              >
                $0.00
              </Text>
              <View
                style={
                  {
                    "paddingBottom": 4,
                  }
                }
              >
                <View
                  style={
                    [
                      {
                        "alignSelf": "center",
                        "borderBottomLeftRadius": 8,
                        "borderBottomRightRadius": 8,
                        "borderBottomWidth": 0.5,
                        "borderLeftWidth": 0.5,
                        "borderRightWidth": 0.5,
                        "borderTopLeftRadius": 8,
                        "borderTopRightRadius": 8,
                        "borderTopWidth": 0.5,
                        "paddingBottom": 4,
                        "paddingLeft": 8,
                        "paddingRight": 8,
                        "paddingTop": 4,
                      },
                      {
                        "borderBottomColor": "rgba(18, 18, 18, 1)",
                        "borderLeftColor": "rgba(18, 18, 18, 1)",
                        "borderRightColor": "rgba(18, 18, 18, 1)",
                        "borderTopColor": "rgba(18, 18, 18, 1)",
                      },
                    ]
                  }
                >
                  <Text
                    style={
                      [
                        {
                          "fontFamily": "RegularFont",
                          "fontSize": 16,
                          "fontWeight": "400",
                          "lineHeight": 24,
                        },
                        [
                          {
                            "fontFamily": "SoraRegular",
                            "fontSize": 12,
                            "fontWeight": "400",
                            "lineHeight": 16,
                          },
                          {
                            "color": "rgba(18, 18, 18, 1)",
                          },
                        ],
                      ]
                    }
                    testID="portfolio_active_currency"
                  >
                    USDT
                  </Text>
                </View>
              </View>
            </Text>
          </View>
          <View
            accessible={true}
            collapsable={false}
            focusable={true}
            onClick={[Function]}
            onMouseEnter={[Function]}
            onMouseLeave={[Function]}
            onResponderGrant={[Function]}
            onResponderMove={[Function]}
            onResponderRelease={[Function]}
            onResponderTerminate={[Function]}
            onResponderTerminationRequest={[Function]}
            onStartShouldSetResponder={[Function]}
            style={
              {
                "opacity": 1,
              }
            }
            testID="toggle_portfolio"
          >
            <Text />
          </View>
        </View>
      </View>
      <View
        testID="action_button_group"
      >
        <RCTScrollView
          contentContainerStyle={
            {
              "display": "flex",
              "justifyContent": "space-between",
              "marginTop": 32,
              "minWidth": "100%",
              "paddingLeft": 20,
              "paddingRight": 20,
            }
          }
          horizontal={true}
          showsHorizontalScrollIndicator={false}
        >
          <View>
            <View
              style={
                {
                  "alignItems": "center",
                }
              }
            >
              <View
                accessible={true}
                collapsable={false}
                focusable={true}
                onClick={[Function]}
                onMouseEnter={[Function]}
                onMouseLeave={[Function]}
                onResponderGrant={[Function]}
                onResponderMove={[Function]}
                onResponderRelease={[Function]}
                onResponderTerminate={[Function]}
                onResponderTerminationRequest={[Function]}
                onStartShouldSetResponder={[Function]}
                style={
                  {
                    "alignItems": "center",
                    "backgroundColor": "rgba(255, 255, 255, 1)",
                    "borderBottomLeftRadius": 9999,
                    "borderBottomRightRadius": 9999,
                    "borderTopLeftRadius": 9999,
                    "borderTopRightRadius": 9999,
                    "height": 60,
                    "justifyContent": "center",
                    "marginLeft": 10,
                    "marginRight": 10,
                    "opacity": 1,
                    "width": 60,
                  }
                }
                testID="send_balance_button"
              >
                <Text />
              </View>
              <Text
                style={
                  [
                    {
                      "fontFamily": "RegularFont",
                      "fontSize": 16,
                      "fontWeight": "400",
                      "lineHeight": 24,
                    },
                    [
                      {
                        "fontFamily": "SoraRegular",
                        "fontSize": 12,
                        "fontWeight": "400",
                        "lineHeight": 16,
                        "marginTop": 8,
                        "textAlign": "center",
                      },
                      {
                        "color": "rgba(18, 18, 18, 1)",
                      },
                    ],
                  ]
                }
              >
                Send
              </Text>
            </View>
            <View
              style={
                {
                  "alignItems": "center",
                }
              }
            >
              <View
                accessible={true}
                collapsable={false}
                focusable={true}
                onClick={[Function]}
                onMouseEnter={[Function]}
                onMouseLeave={[Function]}
                onResponderGrant={[Function]}
                onResponderMove={[Function]}
                onResponderRelease={[Function]}
                onResponderTerminate={[Function]}
                onResponderTerminationRequest={[Function]}
                onStartShouldSetResponder={[Function]}
                style={
                  {
                    "alignItems": "center",
                    "backgroundColor": "rgba(255, 255, 255, 1)",
                    "borderBottomLeftRadius": 9999,
                    "borderBottomRightRadius": 9999,
                    "borderTopLeftRadius": 9999,
                    "borderTopRightRadius": 9999,
                    "height": 60,
                    "justifyContent": "center",
                    "marginLeft": 10,
                    "marginRight": 10,
                    "opacity": 1,
                    "width": 60,
                  }
                }
                testID="receive_balance_button"
              >
                <Text />
              </View>
              <Text
                style={
                  [
                    {
                      "fontFamily": "RegularFont",
                      "fontSize": 16,
                      "fontWeight": "400",
                      "lineHeight": 24,
                    },
                    [
                      {
                        "fontFamily": "SoraRegular",
                        "fontSize": 12,
                        "fontWeight": "400",
                        "lineHeight": 16,
                        "marginTop": 8,
                        "textAlign": "center",
                      },
                      {
                        "color": "rgba(18, 18, 18, 1)",
                      },
                    ],
                  ]
                }
              >
                Receive
              </Text>
            </View>
            <View
              style={
                {
                  "alignItems": "center",
                }
              }
            >
              <View
                accessible={true}
                collapsable={false}
                focusable={true}
                onClick={[Function]}
                onMouseEnter={[Function]}
                onMouseLeave={[Function]}
                onResponderGrant={[Function]}
                onResponderMove={[Function]}
                onResponderRelease={[Function]}
                onResponderTerminate={[Function]}
                onResponderTerminationRequest={[Function]}
                onStartShouldSetResponder={[Function]}
                style={
                  {
                    "alignItems": "center",
                    "backgroundColor": "rgba(255, 255, 255, 1)",
                    "borderBottomLeftRadius": 9999,
                    "borderBottomRightRadius": 9999,
                    "borderTopLeftRadius": 9999,
                    "borderTopRightRadius": 9999,
                    "height": 60,
                    "justifyContent": "center",
                    "marginLeft": 10,
                    "marginRight": 10,
                    "opacity": 1,
                    "width": 60,
                  }
                }
                testID="swap_tokens_button"
              >
                <Text />
              </View>
              <Text
                style={
                  [
                    {
                      "fontFamily": "RegularFont",
                      "fontSize": 16,
                      "fontWeight": "400",
                      "lineHeight": 24,
                    },
                    [
                      {
                        "fontFamily": "SoraRegular",
                        "fontSize": 12,
                        "fontWeight": "400",
                        "lineHeight": 16,
                        "marginTop": 8,
                        "textAlign": "center",
                      },
                      {
                        "color": "rgba(18, 18, 18, 1)",
                      },
                    ],
                  ]
                }
              >
                Swap
              </Text>
            </View>
            <View
              style={
                {
                  "alignItems": "center",
                }
              }
            >
              <View
                accessible={true}
                collapsable={false}
                focusable={true}
                onClick={[Function]}
                onMouseEnter={[Function]}
                onMouseLeave={[Function]}
                onResponderGrant={[Function]}
                onResponderMove={[Function]}
                onResponderRelease={[Function]}
                onResponderTerminate={[Function]}
                onResponderTerminationRequest={[Function]}
                onStartShouldSetResponder={[Function]}
                style={
                  {
                    "alignItems": "center",
                    "backgroundColor": "rgba(255, 255, 255, 1)",
                    "borderBottomLeftRadius": 9999,
                    "borderBottomRightRadius": 9999,
                    "borderTopLeftRadius": 9999,
                    "borderTopRightRadius": 9999,
                    "height": 60,
                    "justifyContent": "center",
                    "marginLeft": 10,
                    "marginRight": 10,
                    "opacity": 1,
                    "width": 60,
                  }
                }
                testID="transaction_button"
              >
                <Text />
              </View>
              <Text
                style={
                  [
                    {
                      "fontFamily": "RegularFont",
                      "fontSize": 16,
                      "fontWeight": "400",
                      "lineHeight": 24,
                    },
                    [
                      {
                        "fontFamily": "SoraRegular",
                        "fontSize": 12,
                        "fontWeight": "400",
                        "lineHeight": 16,
                        "marginTop": 8,
                        "textAlign": "center",
                      },
                      {
                        "color": "rgba(18, 18, 18, 1)",
                      },
                    ],
                  ]
                }
              >
                Transactions
              </Text>
            </View>
          </View>
        </RCTScrollView>
      </View>
      <View
        style={
          [
            {
              "marginBottom": 32,
              "marginTop": 32,
            },
            {
              "backgroundColor": "rgba(242, 242, 242, 1)",
            },
          ]
        }
        testID="portfolio_button_group"
      >
        <RCTScrollView
          contentContainerStyle={
            {
              "paddingLeft": 20,
            }
          }
          horizontal={true}
          showsHorizontalScrollIndicator={false}
        >
          <View>
            <View
              accessible={true}
              collapsable={false}
              focusable={true}
              onClick={[Function]}
              onMouseEnter={[Function]}
              onMouseLeave={[Function]}
              onResponderGrant={[Function]}
              onResponderMove={[Function]}
              onResponderRelease={[Function]}
              onResponderTerminate={[Function]}
              onResponderTerminationRequest={[Function]}
              onStartShouldSetResponder={[Function]}
              style={
                {
                  "backgroundColor": "rgba(18, 18, 18, 1)",
                  "borderBottomLeftRadius": 16,
                  "borderBottomRightRadius": 16,
                  "borderBottomWidth": 1,
                  "borderLeftWidth": 1,
                  "borderRightWidth": 1,
                  "borderTopLeftRadius": 16,
                  "borderTopRightRadius": 16,
                  "borderTopWidth": 1,
                  "marginRight": 12,
                  "opacity": 1,
                  "paddingBottom": 8,
                  "paddingLeft": 16,
                  "paddingRight": 16,
                  "paddingTop": 8,
                  "textAlign": "center",
                }
              }
              testID="portfolio_button_group_ALL_TOKENS_active"
            >
              <Text
                style={
                  [
                    {
                      "fontFamily": "RegularFont",
                      "fontSize": 16,
                      "fontWeight": "400",
                      "lineHeight": 24,
                    },
                    [
                      {
                        "fontFamily": "SoraRegular",
                        "fontSize": 12,
                        "fontWeight": "400",
                        "lineHeight": 16,
                        "textAlign": "center",
                      },
                      {
                        "color": "rgba(242, 242, 242, 1)",
                      },
                    ],
                  ]
                }
              >
                All tokens
              </Text>
            </View>
            <View
              accessible={true}
              collapsable={false}
              focusable={true}
              onClick={[Function]}
              onMouseEnter={[Function]}
              onMouseLeave={[Function]}
              onResponderGrant={[Function]}
              onResponderMove={[Function]}
              onResponderRelease={[Function]}
              onResponderTerminate={[Function]}
              onResponderTerminationRequest={[Function]}
              onStartShouldSetResponder={[Function]}
              style={
                {
                  "borderBottomColor": "rgba(89, 89, 89, 1)",
                  "borderBottomLeftRadius": 16,
                  "borderBottomRightRadius": 16,
                  "borderBottomWidth": 1,
                  "borderLeftColor": "rgba(89, 89, 89, 1)",
                  "borderLeftWidth": 1,
                  "borderRightColor": "rgba(89, 89, 89, 1)",
                  "borderRightWidth": 1,
                  "borderTopColor": "rgba(89, 89, 89, 1)",
                  "borderTopLeftRadius": 16,
                  "borderTopRightRadius": 16,
                  "borderTopWidth": 1,
                  "marginRight": 12,
                  "opacity": 1,
                  "paddingBottom": 8,
                  "paddingLeft": 16,
                  "paddingRight": 16,
                  "paddingTop": 8,
                  "textAlign": "center",
                }
              }
              testID="portfolio_button_group_d_TOKENS"
            >
              <Text
                style={
                  [
                    {
                      "fontFamily": "RegularFont",
                      "fontSize": 16,
                      "fontWeight": "400",
                      "lineHeight": 24,
                    },
                    [
                      {
                        "fontFamily": "SoraRegular",
                        "fontSize": 12,
                        "fontWeight": "400",
                        "lineHeight": 16,
                        "textAlign": "center",
                      },
                      {
                        "color": "rgba(89, 89, 89, 1)",
                      },
                    ],
                  ]
                }
              >
                dTokens
              </Text>
            </View>
            <View
              accessible={true}
              collapsable={false}
              focusable={true}
              onClick={[Function]}
              onMouseEnter={[Function]}
              onMouseLeave={[Function]}
              onResponderGrant={[Function]}
              onResponderMove={[Function]}
              onResponderRelease={[Function]}
              onResponderTerminate={[Function]}
              onResponderTerminationRequest={[Function]}
              onStartShouldSetResponder={[Function]}
              style={
                {
                  "borderBottomColor": "rgba(89, 89, 89, 1)",
                  "borderBottomLeftRadius": 16,
                  "borderBottomRightRadius": 16,
                  "borderBottomWidth": 1,
                  "borderLeftColor": "rgba(89, 89, 89, 1)",
                  "borderLeftWidth": 1,
                  "borderRightColor": "rgba(89, 89, 89, 1)",
                  "borderRightWidth": 1,
                  "borderTopColor": "rgba(89, 89, 89, 1)",
                  "borderTopLeftRadius": 16,
                  "borderTopRightRadius": 16,
                  "borderTopWidth": 1,
                  "marginRight": 12,
                  "opacity": 1,
                  "paddingBottom": 8,
                  "paddingLeft": 16,
                  "paddingRight": 16,
                  "paddingTop": 8,
                  "textAlign": "center",
                }
              }
              testID="portfolio_button_group_CRYPTO"
            >
              <Text
                style={
                  [
                    {
                      "fontFamily": "RegularFont",
                      "fontSize": 16,
                      "fontWeight": "400",
                      "lineHeight": 24,
                    },
                    [
                      {
                        "fontFamily": "SoraRegular",
                        "fontSize": 12,
                        "fontWeight": "400",
                        "lineHeight": 16,
                        "textAlign": "center",
                      },
                      {
                        "color": "rgba(89, 89, 89, 1)",
                      },
                    ],
                  ]
                }
              >
                Crypto
              </Text>
            </View>
            <View
              accessible={true}
              collapsable={false}
              focusable={true}
              onClick={[Function]}
              onMouseEnter={[Function]}
              onMouseLeave={[Function]}
              onResponderGrant={[Function]}
              onResponderMove={[Function]}
              onResponderRelease={[Function]}
              onResponderTerminate={[Function]}
              onResponderTerminationRequest={[Function]}
              onStartShouldSetResponder={[Function]}
              style={
                {
                  "borderBottomColor": "rgba(89, 89, 89, 1)",
                  "borderBottomLeftRadius": 16,
                  "borderBottomRightRadius": 16,
                  "borderBottomWidth": 1,
                  "borderLeftColor": "rgba(89, 89, 89, 1)",
                  "borderLeftWidth": 1,
                  "borderRightColor": "rgba(89, 89, 89, 1)",
                  "borderRightWidth": 1,
                  "borderTopColor": "rgba(89, 89, 89, 1)",
                  "borderTopLeftRadius": 16,
                  "borderTopRightRadius": 16,
                  "borderTopWidth": 1,
                  "marginRight": 12,
                  "opacity": 1,
                  "paddingBottom": 8,
                  "paddingLeft": 16,
                  "paddingRight": 16,
                  "paddingTop": 8,
                  "textAlign": "center",
                }
              }
              testID="portfolio_button_group_LP_TOKENS"
            >
              <Text
                style={
                  [
                    {
                      "fontFamily": "RegularFont",
                      "fontSize": 16,
                      "fontWeight": "400",
                      "lineHeight": 24,
                    },
                    [
                      {
                        "fontFamily": "SoraRegular",
                        "fontSize": 12,
                        "fontWeight": "400",
                        "lineHeight": 16,
                        "textAlign": "center",
                      },
                      {
                        "color": "rgba(89, 89, 89, 1)",
                      },
                    ],
                  ]
                }
              >
                LP tokens
              </Text>
            </View>
          </View>
        </RCTScrollView>
      </View>
      <View
        style={
          {
            "display": "flex",
            "flexDirection": "row",
            "justifyContent": "space-between",
            "paddingLeft": 40,
            "paddingRight": 40,
          }
        }
        testID="toggle_sorting_assets"
      >
        <Text
          style={
            [
              {
                "fontFamily": "RegularFont",
                "fontSize": 16,
                "fontWeight": "400",
                "lineHeight": 24,
              },
              [
                {
                  "fontFamily": "SoraRegular",
                  "fontSize": 12,
                  "fontWeight": "400",
                  "lineHeight": 16,
                  "paddingRight": 4,
                },
                {
                  "color": "rgba(115, 115, 115, 1)",
                },
              ],
            ]
          }
        >
          ASSETS
        </Text>
        <View
          accessible={true}
          collapsable={false}
          focusable={true}
          onClick={[Function]}
          onMouseEnter={[Function]}
          onMouseLeave={[Function]}
          onResponderGrant={[Function]}
          onResponderMove={[Function]}
          onResponderRelease={[Function]}
          onResponderTerminate={[Function]}
          onResponderTerminationRequest={[Function]}
          onStartShouldSetResponder={[Function]}
          style={
            {
              "alignItems": "center",
              "borderBottomColor": "rgba(204, 204, 204, 1)",
              "borderLeftColor": "rgba(204, 204, 204, 1)",
              "borderRightColor": "rgba(204, 204, 204, 1)",
              "borderTopColor": "rgba(204, 204, 204, 1)",
              "display": "flex",
              "flexDirection": "row",
              "opacity": 1,
            }
          }
          testID="your_assets_dropdown_arrow"
        >
          <Text
            style={
              [
                {
                  "fontFamily": "RegularFont",
                  "fontSize": 16,
                  "fontWeight": "400",
                  "lineHeight": 24,
                },
                [
                  {
                    "fontFamily": "SoraRegular",
                    "fontSize": 12,
                    "fontWeight": "400",
                    "lineHeight": 16,
                  },
                  {
                    "color": "rgba(43, 43, 43, 1)",
                  },
                ],
              ]
            }
          >
            Sort by
          </Text>
          <Text />
        </View>
      </View>
      <View
        style={
          {
            "borderBottomLeftRadius": 10,
            "borderBottomRightRadius": 10,
            "borderTopLeftRadius": 10,
            "borderTopRightRadius": 10,
            "marginLeft": 20,
            "marginRight": 20,
            "marginTop": 8,
          }
        }
        testID="dfi_balance_card"
      >
        <View
          style={
            {
              "borderBottomLeftRadius": 10,
              "borderBottomRightRadius": 10,
              "borderTopLeftRadius": 10,
              "borderTopRightRadius": 10,
              "flexDirection": "column",
              "overflow": "hidden",
            }
          }
        >
          <View
            accessibilityState={
              {
                "disabled": false,
              }
            }
            accessible={true}
            collapsable={false}
            focusable={true}
            onClick={[Function]}
            onMouseEnter={[Function]}
            onMouseLeave={[Function]}
            onResponderGrant={[Function]}
            onResponderMove={[Function]}
            onResponderRelease={[Function]}
            onResponderTerminate={[Function]}
            onResponderTerminationRequest={[Function]}
            onStartShouldSetResponder={[Function]}
            style={
              {
                "alignItems": "flex-start",
                "backgroundColor": "rgba(255, 255, 255, 1)",
                "display": "flex",
                "flexDirection": "row",
                "opacity": 1,
                "paddingBottom": 18,
                "paddingLeft": 20,
                "paddingRight": 20,
                "paddingTop": 18,
              }
            }
          >
            <View
              style={
                {
                  "alignItems": "center",
                  "flexDirection": "row",
                  "width": "58.333333%",
                }
              }
            >
              <RNSVGSvgView
                align="xMidYMid"
                bbHeight={36}
                bbWidth={36}
                focusable={false}
                height={36}
                meetOrSlice={0}
                minX={0}
                minY={0}
                style={
                  [
                    {
                      "backgroundColor": "transparent",
                      "borderWidth": 0,
                    },
                    {
                      "flex": 0,
                      "height": 36,
                      "width": 36,
                    },
                  ]
                }
                vbHeight={32}
                vbWidth={32}
                width={36}
              >
                <RNSVGGroup>
                  <RNSVGCircle
                    cx={16}
                    cy={16}
                    fill={4294901935}
                    propList={
                      [
                        "fill",
                      ]
                    }
                    r={16}
                  />
                  <RNSVGPath
                    d="M18.217 23.454V8.546c3.21.958 5.555 3.937 5.555 7.454s-2.346 6.496-5.555 7.454M15.994 6v8.428l-1.269-1.27-.162-3.167 1.324-3.985a9.952 9.952 0 00-2.454.338l-.64 1.926-1.816-.91a10.03 10.03 0 00-1.974 1.497l3.363 1.685.098 1.928-1.927-.099L8.85 9.01a10.035 10.035 0 00-1.497 1.973l.911 1.816-1.927.64A9.978 9.978 0 006 15.892l3.986-1.324 3.168.162 1.27 1.27-1.27 1.27-3.168.162L6 16.108c.009.849.13 1.669.338 2.454l1.927.64-.911 1.816c.418.719.92 1.383 1.497 1.973l1.686-3.362 1.927-.099-.098 1.928-3.363 1.685a10.04 10.04 0 001.974 1.498l1.815-.911.64 1.926a9.94 9.94 0 002.455.338l-1.324-3.985.162-3.168 1.27-1.27V26c5.522 0 10-4.477 10-10s-4.478-10-10-10"
                    fill={4294967295}
                    propList={
                      [
                        "fill",
                      ]
                    }
                  />
                </RNSVGGroup>
              </RNSVGSvgView>
              <View
                style={
                  {
                    "flexBasis": "auto",
                    "flexGrow": 1,
                    "flexShrink": 1,
                    "marginLeft": 8,
                  }
                }
              >
                <Text
                  style={
                    [
                      {
                        "fontFamily": "RegularFont",
                        "fontSize": 16,
                        "fontWeight": "400",
                        "lineHeight": 24,
                      },
                      [
                        {
                          "fontFamily": "SoraSemiBold",
                          "fontSize": 14,
                          "fontWeight": "600",
                          "lineHeight": 20,
                        },
                        {
                          "color": "rgba(18, 18, 18, 1)",
                        },
                      ],
                    ]
                  }
                  testID="total_dfi_label_symbol"
                >
                  DFI
                </Text>
                <Text
                  ellipsizeMode="tail"
                  numberOfLines={1}
                  style={
                    [
                      {
                        "fontFamily": "RegularFont",
                        "fontSize": 16,
                        "fontWeight": "400",
                        "lineHeight": 24,
                      },
                      [
                        {
                          "fontFamily": "SoraRegular",
                          "fontSize": 12,
                          "fontWeight": "400",
                          "lineHeight": 16,
                          "marginTop": 4,
                        },
                        {
                          "color": "rgba(89, 89, 89, 1)",
                        },
                      ],
                    ]
                  }
                  testID="total_dfi_label_name"
                >
                  DeFiChain
                </Text>
              </View>
            </View>
            <View
              style={
                {
                  "flexDirection": "row",
                  "justifyContent": "flex-end",
                  "width": "41.666667%",
                }
              }
            >
              <View
                style={
                  {
                    "display": "flex",
                    "flexBasis": "0%",
                    "flexGrow": 1,
                    "flexShrink": 1,
                  }
                }
              >
                <Text
                  style={
                    [
                      {
                        "fontFamily": "RegularFont",
                        "fontSize": 16,
                        "fontWeight": "400",
                        "lineHeight": 24,
                      },
                      [
                        [
                          {
                            "fontFamily": "SoraSemiBold",
                            "fontSize": 14,
                            "fontWeight": "600",
                            "justifyContent": "flex-end",
                            "lineHeight": 20,
                            "marginBottom": 4,
                            "textAlign": "right",
                          },
                        ],
                        {
                          "color": "rgba(18, 18, 18, 1)",
                        },
                      ],
                    ]
                  }
                >
                  <Text
                    style={
                      [
                        {
                          "fontFamily": "RegularFont",
                          "fontSize": 16,
                          "fontWeight": "400",
                          "lineHeight": 24,
                        },
                        [
                          {
                            "flexWrap": "wrap",
                            "fontFamily": "SoraSemiBold",
                            "fontSize": 14,
                            "fontWeight": "600",
                            "lineHeight": 20,
                            "textAlign": "right",
                          },
                          {
                            "color": "rgba(18, 18, 18, 1)",
                          },
                        ],
                      ]
                    }
                    testID="dfi_total_balance_amount"
                  >
                    100.00000000
                  </Text>
                </Text>
                <View
                  style={
                    [
                      {
                        "alignItems": "center",
                        "display": "flex",
                        "flexDirection": "row",
                      },
                      {
                        "justifyContent": "flex-end",
                      },
                    ]
                  }
                >
                  <Text
                    style={
                      [
                        {
                          "fontFamily": "RegularFont",
                          "fontSize": 16,
                          "fontWeight": "400",
                          "lineHeight": 24,
                        },
                        [
                          [
                            {
                              "fontFamily": "SoraRegular",
                              "fontSize": 12,
                              "fontWeight": "400",
                              "lineHeight": 16,
                            },
                            {
                              "textAlign": "right",
                            },
                          ],
                          {
                            "color": "rgba(89, 89, 89, 1)",
                          },
                        ],
                      ]
                    }
                    testID="dfi_total_balance_usd_amount"
                  >
                    $0.00
                  </Text>
                </View>
              </View>
            </View>
          </View>
        </View>
      </View>
      <View
        style={
          {
            "marginLeft": 20,
            "marginRight": 20,
          }
        }
        testID="card_balance_row_container"
      >
        <View
          accessible={true}
          collapsable={false}
          focusable={true}
          onClick={[Function]}
          onMouseEnter={[Function]}
          onMouseLeave={[Function]}
          onResponderGrant={[Function]}
          onResponderMove={[Function]}
          onResponderRelease={[Function]}
          onResponderTerminate={[Function]}
          onResponderTerminationRequest={[Function]}
          onStartShouldSetResponder={[Function]}
          style={
            {
              "backgroundColor": "rgba(255, 255, 255, 1)",
              "borderBottomLeftRadius": 10,
              "borderBottomRightRadius": 10,
              "borderBottomWidth": 0,
              "borderLeftWidth": 0,
              "borderRightWidth": 0,
              "borderTopLeftRadius": 10,
              "borderTopRightRadius": 10,
              "borderTopWidth": 0,
              "marginTop": 8,
              "opacity": 1,
              "paddingBottom": 18,
              "paddingLeft": 20,
              "paddingRight": 20,
              "paddingTop": 18,
            }
          }
          testID="portfolio_row_1"
        >
          <View
            style={
              {
                "alignItems": "flex-start",
                "display": "flex",
                "flexDirection": "row",
              }
            }
          >
            <View
              style={
                {
                  "alignItems": "center",
                  "flexDirection": "row",
                  "width": "58.333333%",
                }
              }
            >
              <RNSVGSvgView
                align="xMidYMid"
                bbHeight={36}
                bbWidth={36}
                focusable={false}
                height={36}
                meetOrSlice={0}
                minX={0}
                minY={0}
                style={
                  [
                    {
                      "backgroundColor": "transparent",
                      "borderWidth": 0,
                    },
                    {
                      "flex": 0,
                      "height": 36,
                      "width": 36,
                    },
                  ]
                }
                testID="portfolio_row_1_icon"
                vbHeight={32}
                vbWidth={32}
                width={36}
              >
                <RNSVGGroup>
                  <RNSVGPath
                    d="M31.521 19.87c-2.137 8.572-10.82 13.788-19.393 11.651C3.558 29.384-1.659 20.702.479 12.131 2.616 3.56 11.298-1.659 19.87.48c8.573 2.137 13.79 10.82 11.652 19.392z"
                    fill={4294830545}
                    propList={
                      [
                        "fill",
                      ]
                    }
                  />
                  <RNSVGPath
                    d="M22.96 14.04c.313-2.101-1.276-3.23-3.448-3.985l.705-2.846-1.72-.432-.686 2.772a67.899 67.899 0 00-1.379-.327l.691-2.79L15.404 6l-.705 2.846a57.2 57.2 0 01-1.099-.26l.002-.01-2.372-.596-.458 1.85s1.277.296 1.25.314c.696.175.822.64.801 1.008l-.802 3.243c.048.012.11.03.179.057l-.182-.045-1.125 4.543c-.085.213-.302.533-.789.412.018.025-1.25-.315-1.25-.315L8 21.031l2.239.562c.416.105.824.215 1.226.319l-.712 2.88 1.718.431.706-2.849c.469.129.925.247 1.37.359l-.702 2.835 1.72.432.712-2.874c2.934.56 5.14.334 6.068-2.339.748-2.152-.037-3.393-1.58-4.202 1.123-.261 1.97-1.006 2.196-2.545zm-4.012 5.8c-.497 1.961-3.858.901-4.948.635L14.883 17c1.09.267 4.584.796 4.065 2.84zm.991-6.05c-.538 1.993-3.861.98-4.939.732L15.95 11c1.079.248 4.55.712 3.99 2.79z"
                    fill={4294415130}
                    propList={
                      [
                        "fill",
                      ]
                    }
                  />
                </RNSVGGroup>
              </RNSVGSvgView>
              <View
                style={
                  {
                    "flexBasis": "auto",
                    "flexGrow": 1,
                    "flexShrink": 1,
                    "marginLeft": 8,
                  }
                }
              >
                <Text
                  style={
                    [
                      {
                        "fontFamily": "RegularFont",
                        "fontSize": 16,
                        "fontWeight": "400",
                        "lineHeight": 24,
                      },
                      [
                        {
                          "fontFamily": "SoraSemiBold",
                          "fontSize": 14,
                          "fontWeight": "600",
                          "lineHeight": 20,
                        },
                        {
                          "color": "rgba(18, 18, 18, 1)",
                        },
                      ],
                    ]
                  }
                  testID="portfolio_row_1_symbol"
                >
                  dBTC
                </Text>
                <Text
                  ellipsizeMode="tail"
                  numberOfLines={1}
                  style={
                    [
                      {
                        "fontFamily": "RegularFont",
                        "fontSize": 16,
                        "fontWeight": "400",
                        "lineHeight": 24,
                      },
                      [
                        {
                          "fontFamily": "SoraRegular",
                          "fontSize": 12,
                          "fontWeight": "400",
                          "lineHeight": 16,
                          "marginTop": 4,
                        },
                        {
                          "color": "rgba(89, 89, 89, 1)",
                        },
                      ],
                    ]
                  }
                  testID="portfolio_row_1_name"
                >
                  Bitcoin
                </Text>
              </View>
            </View>
            <View
              style={
                {
                  "flexDirection": "row",
                  "justifyContent": "flex-end",
                  "width": "41.666667%",
                }
              }
            >
              <View
                style={
                  {
                    "display": "flex",
                    "flexBasis": "0%",
                    "flexGrow": 1,
                    "flexShrink": 1,
                  }
                }
              >
                <Text
                  style={
                    [
                      {
                        "fontFamily": "RegularFont",
                        "fontSize": 16,
                        "fontWeight": "400",
                        "lineHeight": 24,
                      },
                      [
                        [
                          {
                            "fontFamily": "SoraSemiBold",
                            "fontSize": 14,
                            "fontWeight": "600",
                            "justifyContent": "flex-end",
                            "lineHeight": 20,
                            "marginBottom": 4,
                            "textAlign": "right",
                          },
                        ],
                        {
                          "color": "rgba(18, 18, 18, 1)",
                        },
                      ],
                    ]
                  }
                >
                  <Text
                    style={
                      [
                        {
                          "fontFamily": "RegularFont",
                          "fontSize": 16,
                          "fontWeight": "400",
                          "lineHeight": 24,
                        },
                        [
                          {
                            "flexWrap": "wrap",
                            "fontFamily": "SoraSemiBold",
                            "fontSize": 14,
                            "fontWeight": "600",
                            "lineHeight": 20,
                            "textAlign": "right",
                          },
                          {
                            "color": "rgba(18, 18, 18, 1)",
                          },
                        ],
                      ]
                    }
                    testID="portfolio_row_1_amount"
                  >
                    777.00000000
                  </Text>
                </Text>
                <View
                  style={
                    [
                      {
                        "alignItems": "center",
                        "display": "flex",
                        "flexDirection": "row",
                      },
                      {
                        "justifyContent": "flex-end",
                      },
                    ]
                  }
                >
                  <Text
                    style={
                      [
                        {
                          "fontFamily": "RegularFont",
                          "fontSize": 16,
                          "fontWeight": "400",
                          "lineHeight": 24,
                        },
                        [
                          [
                            {
                              "fontFamily": "SoraRegular",
                              "fontSize": 12,
                              "fontWeight": "400",
                              "lineHeight": 16,
                            },
                            {
                              "textAlign": "right",
                            },
                          ],
                          {
                            "color": "rgba(89, 89, 89, 1)",
                          },
                        ],
                      ]
                    }
                    testID="portfolio_row_1_usd_amount"
                  >
                    $0.00
                  </Text>
                </View>
              </View>
            </View>
          </View>
        </View>
        <View
          accessible={true}
          collapsable={false}
          focusable={true}
          onClick={[Function]}
          onMouseEnter={[Function]}
          onMouseLeave={[Function]}
          onResponderGrant={[Function]}
          onResponderMove={[Function]}
          onResponderRelease={[Function]}
          onResponderTerminate={[Function]}
          onResponderTerminationRequest={[Function]}
          onStartShouldSetResponder={[Function]}
          style={
            {
              "backgroundColor": "rgba(255, 255, 255, 1)",
              "borderBottomLeftRadius": 10,
              "borderBottomRightRadius": 10,
              "borderBottomWidth": 0,
              "borderLeftWidth": 0,
              "borderRightWidth": 0,
              "borderTopLeftRadius": 10,
              "borderTopRightRadius": 10,
              "borderTopWidth": 0,
              "marginTop": 8,
              "opacity": 1,
              "paddingBottom": 18,
              "paddingLeft": 20,
              "paddingRight": 20,
              "paddingTop": 18,
            }
          }
          testID="portfolio_row_2"
        >
          <View
            style={
              {
                "alignItems": "flex-start",
                "display": "flex",
                "flexDirection": "row",
              }
            }
          >
            <View
              style={
                {
                  "alignItems": "center",
                  "flexDirection": "row",
                  "width": "58.333333%",
                }
              }
            >
              <RNSVGSvgView
                align="xMidYMid"
                bbHeight={36}
                bbWidth={36}
                focusable={false}
                height={36}
                meetOrSlice={0}
                minX={0}
                minY={0}
                style={
                  [
                    {
                      "backgroundColor": "transparent",
                      "borderWidth": 0,
                    },
                    {
                      "flex": 0,
                      "height": 36,
                      "width": 36,
                    },
                  ]
                }
                testID="portfolio_row_2_icon"
                vbHeight={32}
                vbWidth={32}
                width={36}
              >
                <RNSVGGroup>
                  <RNSVGCircle
                    cx={16}
                    cy={16}
                    fill={4292929019}
                    propList={
                      [
                        "fill",
                      ]
                    }
                    r={16}
                  />
                  <RNSVGPath
                    d="M23.5 17.616l-7.502 10.379v-6.027l7.502-4.352zm-7.502-4.744v7.701L8.5 16.22l7.498-3.348zm0-8.872l7.497 12.22-7.497-3.35V4z"
                    fill={4294967295}
                    propList={
                      [
                        "fill",
                      ]
                    }
                  />
                  <RNSVGPath
                    d="M23.5 17.616l-7.502 10.379v-6.027l7.502-4.352zm-7.502-4.744v7.701L8.5 16.22l7.498-3.348zm0-8.872l7.497 12.22-7.497-3.35V4z"
                    fill={4284645098}
                    fillOpacity={0.8}
                    propList={
                      [
                        "fill",
                        "fillOpacity",
                      ]
                    }
                  />
                  <RNSVGPath
                    d="M8.5 17.616l7.498 4.351v6.028L8.5 17.616zM15.998 4v8.87L8.5 16.22 15.998 4z"
                    fill={4294967295}
                    propList={
                      [
                        "fill",
                      ]
                    }
                  />
                  <RNSVGPath
                    d="M8.5 17.616l7.498 4.351v6.028L8.5 17.616zM15.998 4v8.87L8.5 16.22 15.998 4z"
                    fill={4284645098}
                    fillOpacity={0.6}
                    propList={
                      [
                        "fill",
                        "fillOpacity",
                      ]
                    }
                  />
                  <RNSVGPath
                    d="M15.998 20.573l7.497-4.353-7.497-3.348z"
                    fill={4284645098}
                    propList={
                      [
                        "fill",
                      ]
                    }
                  />
                </RNSVGGroup>
              </RNSVGSvgView>
              <View
                style={
                  {
                    "flexBasis": "auto",
                    "flexGrow": 1,
                    "flexShrink": 1,
                    "marginLeft": 8,
                  }
                }
              >
                <Text
                  style={
                    [
                      {
                        "fontFamily": "RegularFont",
                        "fontSize": 16,
                        "fontWeight": "400",
                        "lineHeight": 24,
                      },
                      [
                        {
                          "fontFamily": "SoraSemiBold",
                          "fontSize": 14,
                          "fontWeight": "600",
                          "lineHeight": 20,
                        },
                        {
                          "color": "rgba(18, 18, 18, 1)",
                        },
                      ],
                    ]
                  }
                  testID="portfolio_row_2_symbol"
                >
                  dETH
                </Text>
                <Text
                  ellipsizeMode="tail"
                  numberOfLines={1}
                  style={
                    [
                      {
                        "fontFamily": "RegularFont",
                        "fontSize": 16,
                        "fontWeight": "400",
                        "lineHeight": 24,
                      },
                      [
                        {
                          "fontFamily": "SoraRegular",
                          "fontSize": 12,
                          "fontWeight": "400",
                          "lineHeight": 16,
                          "marginTop": 4,
                        },
                        {
                          "color": "rgba(89, 89, 89, 1)",
                        },
                      ],
                    ]
                  }
                  testID="portfolio_row_2_name"
                >
                  Ethereum
                </Text>
              </View>
            </View>
            <View
              style={
                {
                  "flexDirection": "row",
                  "justifyContent": "flex-end",
                  "width": "41.666667%",
                }
              }
            >
              <View
                style={
                  {
                    "display": "flex",
                    "flexBasis": "0%",
                    "flexGrow": 1,
                    "flexShrink": 1,
                  }
                }
              >
                <Text
                  style={
                    [
                      {
                        "fontFamily": "RegularFont",
                        "fontSize": 16,
                        "fontWeight": "400",
                        "lineHeight": 24,
                      },
                      [
                        [
                          {
                            "fontFamily": "SoraSemiBold",
                            "fontSize": 14,
                            "fontWeight": "600",
                            "justifyContent": "flex-end",
                            "lineHeight": 20,
                            "marginBottom": 4,
                            "textAlign": "right",
                          },
                        ],
                        {
                          "color": "rgba(18, 18, 18, 1)",
                        },
                      ],
                    ]
                  }
                >
                  <Text
                    style={
                      [
                        {
                          "fontFamily": "RegularFont",
                          "fontSize": 16,
                          "fontWeight": "400",
                          "lineHeight": 24,
                        },
                        [
                          {
                            "flexWrap": "wrap",
                            "fontFamily": "SoraSemiBold",
                            "fontSize": 14,
                            "fontWeight": "600",
                            "lineHeight": 20,
                            "textAlign": "right",
                          },
                          {
                            "color": "rgba(18, 18, 18, 1)",
                          },
                        ],
                      ]
                    }
                    testID="portfolio_row_2_amount"
                  >
                    555.00000000
                  </Text>
                </Text>
                <View
                  style={
                    [
                      {
                        "alignItems": "center",
                        "display": "flex",
                        "flexDirection": "row",
                      },
                      {
                        "justifyContent": "flex-end",
                      },
                    ]
                  }
                >
                  <Text
                    style={
                      [
                        {
                          "fontFamily": "RegularFont",
                          "fontSize": 16,
                          "fontWeight": "400",
                          "lineHeight": 24,
                        },
                        [
                          [
                            {
                              "fontFamily": "SoraRegular",
                              "fontSize": 12,
                              "fontWeight": "400",
                              "lineHeight": 16,
                            },
                            {
                              "textAlign": "right",
                            },
                          ],
                          {
                            "color": "rgba(89, 89, 89, 1)",
                          },
                        ],
                      ]
                    }
                    testID="portfolio_row_2_usd_amount"
                  >
                    $0.00
                  </Text>
                </View>
              </View>
            </View>
          </View>
        </View>
      </View>
    </View>
  </RCTScrollView>
</View>
`;
