// Jest Snapshot v1, https://goo.gl/fbAQLP

exports[`Bid Card should match snapshot 1`] = `
<View
  style={
    [
      {},
      {},
    ]
  }
>
  <View
    style={{}}
  >
    <View
      style={{}}
    >
      <Text
        style={
          [
            {},
            [
              {},
              {},
            ],
          ]
        }
      >
        5,015.07942533 DUSD
      </Text>
    </View>
  </View>
  <View
    style={{}}
  >
    <View
      style={{}}
    >
      <Text
        style={
          [
            {},
            [
              {},
              {},
            ],
          ]
        }
      >
        Auction ID
      </Text>
    </View>
    <View
      style={{}}
    >
      <Text
        ellipsizeMode="middle"
        numberOfLines={1}
        style={
          [
            {},
            [
              {},
              {},
            ],
          ]
        }
      >
        92dcef48f0109d007f6csdsjhd2637618739a8d749584e0b732c5b968f54
      </Text>
      <View
        accessible={true}
        collapsable={false}
        focusable={true}
        onClick={[Function]}
        onResponderGrant={[Function]}
        onResponderMove={[Function]}
        onResponderRelease={[Function]}
        onResponderTerminate={[Function]}
        onResponderTerminationRequest={[Function]}
        onStartShouldSetResponder={[Function]}
        style={
          {
            "opacity": 1,
          }
        }
      >
        <Text />
      </View>
    </View>
  </View>
  <View
    style={{}}
  >
    <View
      style={{}}
    >
      <Text
        style={
          [
            {},
            [
              {},
              {},
            ],
          ]
        }
      >
        Auction ends in
      </Text>
    </View>
    <View
      style={{}}
    >
      <Text
        style={
          [
            {},
            [
              [
                {},
                undefined,
              ],
              {},
            ],
          ]
        }
      >
        ~ 6h 33m 30s left
         
        (
        7870 blks
        )
      </Text>
    </View>
  </View>
  <View
    animated={true}
    animationConfig={
      {
        "bounciness": 0,
      }
    }
    animationType="spring"
    indeterminate={false}
    indeterminateAnimationDuration={1000}
    onLayout={[Function]}
    progress={218.61111111111111}
    style={
      [
        {
          "backgroundColor": "gray-100",
          "borderColor": "#ffffff",
          "borderRadius": 8,
          "borderWidth": 1,
          "overflow": "hidden",
          "width": null,
        },
        undefined,
      ]
    }
    useNativeDriver={false}
  >
    <View
      collapsable={false}
      style={
        {
          "backgroundColor": "#ffffff",
          "height": 8,
          "transform": [
            {
              "translateX": 0,
            },
            {
              "translateX": 0,
            },
            {
              "scaleX": 1,
            },
          ],
        }
      }
    />
  </View>
  <View
    style={
      [
        {},
        {},
      ]
    }
  >
    <View
      accessible={true}
      collapsable={false}
      focusable={true}
      onClick={[Function]}
      onResponderGrant={[Function]}
      onResponderMove={[Function]}
      onResponderRelease={[Function]}
      onResponderTerminate={[Function]}
      onResponderTerminationRequest={[Function]}
      onStartShouldSetResponder={[Function]}
      style={
        {
          "opacity": 1,
        }
      }
    >
      <Text
        style={
          [
            {},
            [
              [
                {},
                undefined,
              ],
              {},
            ],
          ]
        }
      >
        BID HIGHER
      </Text>
    </View>
    <View
      accessible={true}
      collapsable={false}
      focusable={true}
      onClick={[Function]}
      onResponderGrant={[Function]}
      onResponderMove={[Function]}
      onResponderRelease={[Function]}
      onResponderTerminate={[Function]}
      onResponderTerminationRequest={[Function]}
      onStartShouldSetResponder={[Function]}
      style={
        {
          "opacity": 1,
        }
      }
    >
      <Text
        style={
          [
            {},
            [
              [
                {},
                undefined,
              ],
              {},
            ],
          ]
        }
      >
        VIEW REWARDS
      </Text>
    </View>
  </View>
</View>
`;
