// Jest Snapshot v1, https://goo.gl/fbAQLP

exports[`Empty bids should match snapshot 1`] = `
<View
  style={
    [
      {},
      {},
    ]
  }
  testID="bid_0"
>
  <View
    style={{}}
  >
    <Text
      style={
        [
          {},
          [
            {},
            {},
          ],
        ]
      }
    >
      BID#0
    </Text>
    <Text
      style={
        [
          {},
          [
            {},
            {},
          ],
        ]
      }
      testID="bid_dTD10_amount"
    >
      1,000.00000000 dTD10
    </Text>
  </View>
  <View
    style={{}}
  >
    <Text
      style={
        [
          {},
          [
            {},
            {},
          ],
        ]
      }
    >
      3Hr 12Min
    </Text>
    <View
      style={
        [
          {},
          undefined,
        ]
      }
    >
      <Text
        style={
          [
            {},
            [
              [
                {},
                undefined,
              ],
              {},
            ],
          ]
        }
      >
        $7.40
      </Text>
    </View>
  </View>
</View>
`;
