// Jest Snapshot v1, https://goo.gl/fbAQLP

exports[`barcode scanner should match snapshot 1`] = `
<View
  style={
    Object {
      "alignItems": "center",
      "flexBasis": "0%",
      "flexDirection": "column",
      "flexGrow": 1,
      "flexShrink": 1,
      "justifyContent": "center",
    }
  }
>
  <Text
    style={
      Array [
        Object {
          "fontFamily": "RegularFont",
          "fontSize": 16,
          "fontWeight": "400",
          "lineHeight": 24,
        },
        Array [
          undefined,
          Object {
            "color": "rgba(0, 0, 0, 1)",
          },
        ],
      ]
    }
  >
    Requesting for camera permission
  </Text>
</View>
`;
